// Jest Snapshot v1, https://goo.gl/fbAQLP

exports[`should match snapshot 1`] = `
<DocumentFragment>
  <div>
    <h1
      class="welcome-msg"
    >
      Welcome. Let's come up with a costume, shall we?
    </h1>
    <h3
      class="directions"
    >
       Begin by answering the following prompts 
    </h3>
    <form
      class="custom-select"
      data-testid="my-form"
    >
      <div
        class="custom-select"
      >
        <label
          for="theme"
        >
          <select
            id="theme"
          >
            <option
              value="theme"
            >
              Select a theme
            </option>
            <option
              value="classic"
            >
              Classic
            </option>
            <option
              value="pop-culture"
            >
              Pop Culture
            </option>
            <option
              value="animal"
            >
              Animal
            </option>
          </select>
        </label>
      </div>
      <div
        class="custom-select"
      >
        <label
          for="genderPref"
        >
          <select>
            <option
              value="genderPref"
            >
              Select a gender preference
            </option>
            <option
              value="feminine"
            >
              Feminine
            </option>
            <option
              value="masculine"
            >
              Masculine
            </option>
            <option
              value="gender-neutral"
            >
              Gender Neutral
            </option>
          </select>
        </label>
      </div>
      <div
        class="custom-select"
      >
        <label
          for="experienceLevel"
        >
          <select>
            <option
              value="experienceLevel"
            >
               Select your experience Level
            </option>
            <option
              value="easy"
            >
              Easy
            </option>
            <option
              value="intermediate"
            >
              Intermediate
            </option>
            <option
              value="advanced"
            >
              Advanced
            </option>
          </select>
        </label>
      </div>
      <button
        type="submit"
      >
        Submit
      </button>
    </form>
  </div>
</DocumentFragment>
`;
